Archive member included to satisfy reference by file (symbol)

c:/program files (x86)/atmel/studio/7.0/toolchain/avr8/avr8-gnu-toolchain/bin/../lib/gcc/avr/5.4.0/../../../../avr/lib/avr6\libm.a(fixunssfsi.o)
                              IotProject/TemperatureAndHumiditySensor.o (__fixunssfsi)
c:/program files (x86)/atmel/studio/7.0/toolchain/avr8/avr8-gnu-toolchain/bin/../lib/gcc/avr/5.4.0/../../../../avr/lib/avr6\libm.a(fp_split3.o)
                              c:/program files (x86)/atmel/studio/7.0/toolchain/avr8/avr8-gnu-toolchain/bin/../lib/gcc/avr/5.4.0/../../../../avr/lib/avr6\libm.a(fixunssfsi.o) (__fp_splitA)
c:/program files (x86)/atmel/studio/7.0/toolchain/avr8/avr8-gnu-toolchain/bin/../lib/gcc/avr/5.4.0/../../../../avr/lib/avr6\libm.a(fp_zero.o)
                              c:/program files (x86)/atmel/studio/7.0/toolchain/avr8/avr8-gnu-toolchain/bin/../lib/gcc/avr/5.4.0/../../../../avr/lib/avr6\libm.a(fixunssfsi.o) (__fp_zero)
../drivers\libIotLibrary.a(hih8120.o)
                              IotProject/TemperatureAndHumiditySensor.o (hih8120_initialise)
../drivers\libIotLibrary.a(lora_driver.o)
                              IotProject/LoRaWANHandler.o (lora_driver_flushBuffers)
../drivers\libIotLibrary.a(lora_driver_utils.o)
                              ../drivers\libIotLibrary.a(lora_driver.o) (decode_port_no)
../drivers\libIotLibrary.a(mh_z19.o)
                              IotProject/CO2Sensor.o (mh_z19_initialise)
../drivers\libIotLibrary.a(serial.o)
                              ../drivers\libIotLibrary.a(lora_driver.o) (serial_create)
../drivers\libIotLibrary.a(stdio_driver.o)
                              IotProject/main.o (stdio_initialise)
../drivers\libIotLibrary.a(status_leds.o)
                              IotProject/main.o (status_leds_initialise)
../drivers\libIotLibrary.a(twi.o)
                              ../drivers\libIotLibrary.a(hih8120.o) (twiCreate)
../drivers\libIotLibrary.a(fifo.o)
                              ../drivers\libIotLibrary.a(serial.o) (fifo_init)
c:/program files (x86)/atmel/studio/7.0/toolchain/avr8/avr8-gnu-toolchain/bin/../lib/gcc/avr/5.4.0/../../../../avr/lib/avr6\libm.a(addsf3.o)
                              ../drivers\libIotLibrary.a(hih8120.o) (__subsf3)
c:/program files (x86)/atmel/studio/7.0/toolchain/avr8/avr8-gnu-toolchain/bin/../lib/gcc/avr/5.4.0/../../../../avr/lib/avr6\libm.a(addsf3x.o)
                              c:/program files (x86)/atmel/studio/7.0/toolchain/avr8/avr8-gnu-toolchain/bin/../lib/gcc/avr/5.4.0/../../../../avr/lib/avr6\libm.a(addsf3.o) (__addsf3x)
c:/program files (x86)/atmel/studio/7.0/toolchain/avr8/avr8-gnu-toolchain/bin/../lib/gcc/avr/5.4.0/../../../../avr/lib/avr6\libm.a(divsf3.o)
                              ../drivers\libIotLibrary.a(hih8120.o) (__divsf3)
c:/program files (x86)/atmel/studio/7.0/toolchain/avr8/avr8-gnu-toolchain/bin/../lib/gcc/avr/5.4.0/../../../../avr/lib/avr6\libm.a(divsf3x.o)
                              c:/program files (x86)/atmel/studio/7.0/toolchain/avr8/avr8-gnu-toolchain/bin/../lib/gcc/avr/5.4.0/../../../../avr/lib/avr6\libm.a(divsf3.o) (__divsf3x)
c:/program files (x86)/atmel/studio/7.0/toolchain/avr8/avr8-gnu-toolchain/bin/../lib/gcc/avr/5.4.0/../../../../avr/lib/avr6\libm.a(fixsfsi.o)
                              ../drivers\libIotLibrary.a(hih8120.o) (__fixsfsi)
c:/program files (x86)/atmel/studio/7.0/toolchain/avr8/avr8-gnu-toolchain/bin/../lib/gcc/avr/5.4.0/../../../../avr/lib/avr6\libm.a(floatsisf.o)
                              ../drivers\libIotLibrary.a(hih8120.o) (__floatunsisf)
c:/program files (x86)/atmel/studio/7.0/toolchain/avr8/avr8-gnu-toolchain/bin/../lib/gcc/avr/5.4.0/../../../../avr/lib/avr6\libm.a(fp_inf.o)
                              c:/program files (x86)/atmel/studio/7.0/toolchain/avr8/avr8-gnu-toolchain/bin/../lib/gcc/avr/5.4.0/../../../../avr/lib/avr6\libm.a(addsf3x.o) (__fp_inf)
c:/program files (x86)/atmel/studio/7.0/toolchain/avr8/avr8-gnu-toolchain/bin/../lib/gcc/avr/5.4.0/../../../../avr/lib/avr6\libm.a(fp_nan.o)
                              c:/program files (x86)/atmel/studio/7.0/toolchain/avr8/avr8-gnu-toolchain/bin/../lib/gcc/avr/5.4.0/../../../../avr/lib/avr6\libm.a(addsf3x.o) (__fp_nan)
c:/program files (x86)/atmel/studio/7.0/toolchain/avr8/avr8-gnu-toolchain/bin/../lib/gcc/avr/5.4.0/../../../../avr/lib/avr6\libm.a(fp_pscA.o)
                              c:/program files (x86)/atmel/studio/7.0/toolchain/avr8/avr8-gnu-toolchain/bin/../lib/gcc/avr/5.4.0/../../../../avr/lib/avr6\libm.a(addsf3x.o) (__fp_pscA)
c:/program files (x86)/atmel/studio/7.0/toolchain/avr8/avr8-gnu-toolchain/bin/../lib/gcc/avr/5.4.0/../../../../avr/lib/avr6\libm.a(fp_pscB.o)
                              c:/program files (x86)/atmel/studio/7.0/toolchain/avr8/avr8-gnu-toolchain/bin/../lib/gcc/avr/5.4.0/../../../../avr/lib/avr6\libm.a(addsf3x.o) (__fp_pscB)
[...]
Memory Configuration

Name             Origin             Length             Attributes
text             0x00000000         0x00040000         xr
data             0x00800200         0x00002000         rw !x
eeprom           0x00810000         0x00001000         rw !x
fuse             0x00820000         0x00000003         rw !x
lock             0x00830000         0x00000400         rw !x
signature        0x00840000         0x00000400         rw !x
user_signatures  0x00850000         0x00000400         rw !x
*default*        0x00000000         0xffffffff

Linker script and memory map

Address of section .data set to 0x800200
LOAD C:/Program Files (x86)/Atmel/Studio/7.0/Packs/atmel/ATmega_DFP/1.7.374/gcc/dev/atmega2560/avr6/crtatmega2560.o
LOAD FreeRTOS/FreeRTOSTraceDriver/FreeRTOSTraceDriver.o
LOAD FreeRTOS/src/croutine.o
LOAD FreeRTOS/src/event_groups.o
LOAD FreeRTOS/src/heap_4.o
LOAD FreeRTOS/src/list.o
LOAD FreeRTOS/src/port.o
LOAD FreeRTOS/src/queue.o
LOAD FreeRTOS/src/stream_buffer.o
LOAD FreeRTOS/src/tasks.o
LOAD FreeRTOS/src/timers.o
LOAD FreeRTOS/src/variantHooks.o
LOAD IotProject/Application.o
LOAD IotProject/CO2Sensor.o
LOAD IotProject/Configuration.o
LOAD IotProject/DownLinkHandler.o
LOAD IotProject/LoRaWANHandler.o
LOAD IotProject/main.o
LOAD IotProject/RCMotor.o
LOAD IotProject/SensorDataPackageHandler.o
LOAD IotProject/Setup.o
LOAD IotProject/TemperatureAndHumiditySensor.o
LOAD IotProject/UpLinkHandler.o
START GROUP
LOAD c:/program files (x86)/atmel/studio/7.0/toolchain/avr8/avr8-gnu-toolchain/bin/../lib/gcc/avr/5.4.0/../../../../avr/lib/avr6\libm.a
LOAD ../drivers\libIotLibrary.a
END GROUP
START GROUP
LOAD c:/program files (x86)/atmel/studio/7.0/toolchain/avr8/avr8-gnu-toolchain/bin/../lib/gcc/avr/5.4.0/avr6\libgcc.a
LOAD c:/program files (x86)/atmel/studio/7.0/toolchain/avr8/avr8-gnu-toolchain/bin/../lib/gcc/avr/5.4.0/../../../../avr/lib/avr6\libm.a
LOAD c:/program files (x86)/atmel/studio/7.0/toolchain/avr8/avr8-gnu-toolchain/bin/../lib/gcc/avr/5.4.0/../../../../avr/lib/avr6\libc.a
LOAD C:/Program Files (x86)/Atmel/Studio/7.0/Packs/atmel/ATmega_DFP/1.7.374/gcc/dev/atmega2560/avr6\libatmega2560.a
END GROUP
                0x00000000                __TEXT_REGION_ORIGIN__ = DEFINED (__TEXT_REGION_ORIGIN__)?__TEXT_REGION_ORIGIN__:0x0
                [0x00800200]                __DATA_REGION_ORIGIN__ = DEFINED (__DATA_REGION_ORIGIN__)?__DATA_REGION_ORIGIN__:0x800200
                [0x00040000]                __TEXT_REGION_LENGTH__ = DEFINED (__TEXT_REGION_LENGTH__)?__TEXT_REGION_LENGTH__:0x100000
                [0x00002000]                __DATA_REGION_LENGTH__ = DEFINED (__DATA_REGION_LENGTH__)?__DATA_REGION_LENGTH__:0xfe00
                [0x00001000]                __EEPROM_REGION_LENGTH__ = DEFINED (__EEPROM_REGION_LENGTH__)?__EEPROM_REGION_LENGTH__:0x10000
                [0x00000003]                __FUSE_REGION_LENGTH__ = DEFINED (__FUSE_REGION_LENGTH__)?__FUSE_REGION_LENGTH__:0x400
                0x00000400                __LOCK_REGION_LENGTH__ = DEFINED (__LOCK_REGION_LENGTH__)?__LOCK_REGION_LENGTH__:0x400
                0x00000400                __SIGNATURE_REGION_LENGTH__ = DEFINED (__SIGNATURE_REGION_LENGTH__)?__SIGNATURE_REGION_LENGTH__:0x400
                0x00000400                __USER_SIGNATURE_REGION_LENGTH__ = DEFINED (__USER_SIGNATURE_REGION_LENGTH__)?__USER_SIGNATURE_REGION_LENGTH__:0x400

.hash
 *(.hash)

.dynsym
 *(.dynsym)

.dynstr
 *(.dynstr)

.gnu.version
 *(.gnu.version)

.gnu.version_d
 *(.gnu.version_d)

.gnu.version_r
 *(.gnu.version_r)

.rel.init
 *(.rel.init)

.rela.init
 *(.rela.init)

.rel.text
 *(.rel.text)
 *(.rel.text.*)
 *(.rel.gnu.linkonce.t*)

.rela.text
 *(.rela.text)
 *(.rela.text.*)
 *(.rela.gnu.linkonce.t*)

.rel.fini
 *(.rel.fini)

.rela.fini
 *(.rela.fini)

.rel.rodata
 *(.rel.rodata)
 *(.rel.rodata.*)
 *(.rel.gnu.linkonce.r*)

.rela.rodata
 *(.rela.rodata)
 *(.rela.rodata.*)
 *(.rela.gnu.linkonce.r*)

.rel.data
 *(.rel.data)
 *(.rel.data.*)
 *(.rel.gnu.linkonce.d*)

.rela.data
 *(.rela.data)
 *(.rela.data.*)
 *(.rela.gnu.linkonce.d*)

.rel.ctors
 *(.rel.ctors)

.rela.ctors
 *(.rela.ctors)

.rel.dtors
 *(.rel.dtors)

.rela.dtors
 *(.rela.dtors)

.rel.got
 *(.rel.got)

.rela.got
 *(.rela.got)

.rel.bss
 *(.rel.bss)

.rela.bss
 *(.rela.bss)

.rel.plt
 *(.rel.plt)

.rela.plt
 *(.rela.plt)

.text           0x00000000     0x5f10
 *(.vectors)
 .vectors       0x00000000       0xe4 C:/Program Files (x86)/Atmel/Studio/7.0/Packs/atmel/ATmega_DFP/1.7.374/gcc/dev/atmega2560/avr6/crtatmega2560.o
                0x00000000                __vector_default
                0x00000000                __vectors
 *(.vectors)
 *(.progmem.gcc*)
 .progmem.gcc_sw_table.prvProcessReceivedCommands
                0x000000e4       0x14 FreeRTOS/src/timers.o
 .progmem.gcc_sw_table.__vector_39
                0x000000f8       0xa2 ../drivers\libIotLibrary.a(twi.o)
                0x0000019a                . = ALIGN (0x2)
                0x0000019a                __trampolines_start = .
 *(.trampolines)
 .trampolines   0x0000019a       0x5c linker stubs
 *(.trampolines*)
                0x000001f6                __trampolines_end = .
 *libprintf_flt.a:*(.progmem.data)
 *libc.a:*(.progmem.data)
 *(.progmem*)
                0x000001f6                . = ALIGN (0x2)
 *(.jumptables)
 *(.jumptables*)
 *(.lowtext)
 .lowtext       0x000001f6       0x16 FreeRTOS/src/tasks.o
 .lowtext       0x0000020c       0x1e FreeRTOS/src/timers.o
 *(.lowtext*)
                0x0000022a                __ctors_start = .
 *(.ctors)
                0x0000022a                __ctors_end = .
                0x0000022a                __dtors_start = .
 *(.dtors)
                0x0000022a                __dtors_end = .
 SORT(*)(.ctors)
 SORT(*)(.dtors)
 *(.init0)
 .init0         0x0000022a        0x0 C:/Program Files (x86)/Atmel/Studio/7.0/Packs/atmel/ATmega_DFP/1.7.374/gcc/dev/atmega2560/avr6/crtatmega2560.o
                0x0000022a                __init
 *(.init0)
 *(.init1)
 *(.init1)
 *(.init2)
 .init2         0x0000022a       0x10 C:/Program Files (x86)/Atmel/Studio/7.0/Packs/atmel/ATmega_DFP/1.7.374/gcc/dev/atmega2560/avr6/crtatmega2560.o
 *(.init2)
 *(.init3)
 *(.init3)
 *(.init4)
 .init4         0x0000023a       0x1a c:/program files (x86)/atmel/studio/7.0/toolchain/avr8/avr8-gnu-toolchain/bin/../lib/gcc/avr/5.4.0/avr6\libgcc.a(_copy_data.o)
                0x0000023a                __do_copy_data
 .init4         0x00000254       0x10 c:/program files (x86)/atmel/studio/7.0/toolchain/avr8/avr8-gnu-toolchain/bin/../lib/gcc/avr/5.4.0/avr6\libgcc.a(_clear_bss.o)
                0x00000254                __do_clear_bss
 *(.init4)
 *(.init5)
 *(.init5)
 *(.init6)
 *(.init6)
 *(.init7)
 *(.init7)
 *(.init8)
 *(.init8)
 *(.init9)
 .init9         0x00000264        0x8 C:/Program Files (x86)/Atmel/Studio/7.0/Packs/atmel/ATmega_DFP/1.7.374/gcc/dev/atmega2560/avr6/crtatmega2560.o
 *(.init9)
 *(.text)
 .text          0x0000026c        0x4 C:/Program Files (x86)/Atmel/Studio/7.0/Packs/atmel/ATmega_DFP/1.7.374/gcc/dev/atmega2560/avr6/crtatmega2560.o
                0x0000026c                __vector_38
                0x0000026c                __vector_22
                0x0000026c                __vector_28
                0x0000026c                __vector_1
                0x0000026c                __vector_32
                0x0000026c                __vector_34
                0x0000026c                __vector_24
                0x0000026c                __vector_46
                0x0000026c                __bad_interrupt
                0x0000026c                __vector_6
                0x0000026c                __vector_31
                0x0000026c                __vector_35
                0x0000026c                __vector_3
                0x0000026c                __vector_23
                0x0000026c                __vector_30
                0x0000026c                __vector_45
                0x0000026c                __vector_11
                0x0000026c                __vector_13
                0x0000026c                __vector_17
                0x0000026c                __vector_19
                0x0000026c                __vector_56
                0x0000026c                __vector_7
                0x0000026c                __vector_49
                0x0000026c                __vector_41
                0x0000026c                __vector_43
                0x0000026c                __vector_27
                0x0000026c                __vector_5
                0x0000026c                __vector_33
                0x0000026c                __vector_47
                0x0000026c                __vector_4
                0x0000026c                __vector_44
                0x0000026c                __vector_9
                0x0000026c                __vector_2
                0x0000026c                __vector_21
                0x0000026c                __vector_15
                0x0000026c                __vector_29
                0x0000026c                __vector_40
                0x0000026c                __vector_8
                0x0000026c                __vector_48
                0x0000026c                __vector_14
                0x0000026c                __vector_53
                0x0000026c                __vector_10
                0x0000026c                __vector_50
                0x0000026c                __vector_16
                0x0000026c                __vector_18
                0x0000026c                __vector_20
                0x0000026c                __vector_42
                0x00000270                . = ALIGN (0x2)
 *(.text.*)
 .text.prvTestWaitCondition
                0x00000270       0x42 FreeRTOS/src/event_groups.o
 .text.xEventGroupWaitBits
                0x000002b2      0x146 FreeRTOS/src/event_groups.o
                0x000002b2                xEventGroupWaitBits
 .text.xEventGroupSetBits
                0x000003f8      0x11c FreeRTOS/src/event_groups.o
                0x000003f8                xEventGroupSetBits
 .text.prvHeapInit
                0x00000514       0x52 FreeRTOS/src/heap_4.o
 .text.prvInsertBlockIntoFreeList
                0x00000566       0x94 FreeRTOS/src/heap_4.o
 .text.pvPortMalloc
                0x000005fa      0x156 FreeRTOS/src/heap_4.o
                0x000005fa                pvPortMalloc
 .text.vPortFree
                0x00000750       0x7c FreeRTOS/src/heap_4.o
                0x00000750                vPortFree
 .text.vListInitialise
                0x000007cc       0x22 FreeRTOS/src/list.o
                0x000007cc                vListInitialise
 .text.vListInitialiseItem
                0x000007ee        0x8 FreeRTOS/src/list.o
                0x000007ee                vListInitialiseItem
 .text.vListInsert
                0x000007f6       0x7a FreeRTOS/src/list.o
                0x000007f6                vListInsert
 .text.uxListRemove
                0x00000870       0x4e FreeRTOS/src/list.o
                0x00000870                uxListRemove
 .text.prvSetupTimerInterrupt
                0x000008be       0x18 FreeRTOS/src/port.o
 .text.pxPortInitialiseStack
                0x000008d6       0x2e FreeRTOS/src/port.o
                0x000008d6                pxPortInitialiseStack
 .text.xPortStartScheduler
                0x00000904       0x66 FreeRTOS/src/port.o
                0x00000904                xPortStartScheduler
 .text.vPortYield
                0x0000096a       0xc2 FreeRTOS/src/port.o
                0x0000096a                vPortYield
 .text.vPortYieldFromTick
                0x00000a2c       0xca FreeRTOS/src/port.o
                0x00000a2c                vPortYieldFromTick
 .text.__vector_12
                0x00000af6        0x6 FreeRTOS/src/port.o
                0x00000af6                __vector_12
 .text.prvIsQueueEmpty
                0x00000afc       0x1a FreeRTOS/src/queue.o
 .text.prvIsQueueFull
                0x00000b16       0x1c FreeRTOS/src/queue.o
 .text.prvCopyDataToQueue
                0x00000b32       0xbe FreeRTOS/src/queue.o
 .text.prvCopyDataFromQueue
                0x00000bf0       0x34 FreeRTOS/src/queue.o
 .text.prvUnlockQueue
                0x00000c24       0x68 FreeRTOS/src/queue.o
 .text.xQueueGenericReset
                0x00000c8c       0x8c FreeRTOS/src/queue.o
                0x00000c8c                xQueueGenericReset
 .text.prvInitialiseNewQueue
                0x00000d18       0x26 FreeRTOS/src/queue.o
 .text.xQueueGenericCreate
                0x00000d3e       0x4a FreeRTOS/src/queue.o
                0x00000d3e                xQueueGenericCreate
 .text.xQueueGenericSend
                0x00000d88      0x136 FreeRTOS/src/queue.o
                0x00000d88                xQueueGenericSend
 .text.xQueueGenericSendFromISR
                0x00000ebe       0x78 FreeRTOS/src/queue.o
                0x00000ebe                xQueueGenericSendFromISR
 .text.xQueueReceive
                0x00000f36      0x136 FreeRTOS/src/queue.o
                0x00000f36                xQueueReceive
 .text.vQueueWaitForMessageRestricted
                0x0000106c       0x3a FreeRTOS/src/queue.o
                0x0000106c                vQueueWaitForMessageRestricted
 .text.prvBytesInBuffer
                0x000010a6       0x26 FreeRTOS/src/stream_buffer.o
 .text.prvInitialiseNewStreamBuffer
                0x000010cc       0x20 FreeRTOS/src/stream_buffer.o
 .text.prvWriteBytesToBuffer
                0x000010ec       0x92 FreeRTOS/src/stream_buffer.o
 .text.prvWriteMessageToBuffer
                0x0000117e       0x8a FreeRTOS/src/stream_buffer.o
 .text.prvReadBytesFromBuffer
                0x00001208       0x9e FreeRTOS/src/stream_buffer.o
 .text.prvReadMessageFromBuffer
                0x000012a6       0x8e FreeRTOS/src/stream_buffer.o
 .text.xStreamBufferReset
                0x00001334       0x3e FreeRTOS/src/stream_buffer.o
                0x00001334                xStreamBufferReset
 .text.xStreamBufferSpacesAvailable
                0x00001372       0x24 FreeRTOS/src/stream_buffer.o
                0x00001372                xStreamBufferSpacesAvailable
 .text.xStreamBufferSend
                0x00001396      0x196 FreeRTOS/src/stream_buffer.o
                0x00001396                xStreamBufferSend
 .text.xStreamBufferReceive
                0x0000152c      0x112 FreeRTOS/src/stream_buffer.o
                0x0000152c                xStreamBufferReceive
 .text.prvResetNextTaskUnblockTime
                0x0000163e       0x4e FreeRTOS/src/tasks.o
 .text.prvDeleteTCB
                0x0000168c       0x1a FreeRTOS/src/tasks.o
 .text.prvInitialiseNewTask
                0x000016a6       0xfc FreeRTOS/src/tasks.o
 .text.prvInitialiseTaskLists
                0x000017a2       0x60 FreeRTOS/src/tasks.o
 .text.prvAddNewTaskToReadyList
                0x00001802       0xe0 FreeRTOS/src/tasks.o
 .text.prvCheckTasksWaitingTermination
                0x000018e2       0x4c FreeRTOS/src/tasks.o
 .text.prvAddCurrentTaskToDelayedList
                0x0000192e      0x144 FreeRTOS/src/tasks.o
 .text.xTaskCreate
                0x00001a72       0x9c FreeRTOS/src/tasks.o
                0x00001a72                xTaskCreate
 .text.vTaskStartScheduler
                0x00001b0e       0x72 FreeRTOS/src/tasks.o
                0x00001b0e                vTaskStartScheduler
 .text.vTaskSuspendAll
                0x00001b80        0xc FreeRTOS/src/tasks.o
                0x00001b80                vTaskSuspendAll
 .text.xTaskGetTickCount
                0x00001b8c       0x1c FreeRTOS/src/tasks.o
                0x00001b8c                xTaskGetTickCount
 .text.xTaskIncrementTick
                0x00001ba8      0x25a FreeRTOS/src/tasks.o
                0x00001ba8                xTaskIncrementTick
 .text.xTaskResumeAll
                0x00001e02      0x1bc FreeRTOS/src/tasks.o
                0x00001e02                xTaskResumeAll
 .text.xTaskDelayUntil
                0x00001fbe       0xd0 FreeRTOS/src/tasks.o
                0x00001fbe                xTaskDelayUntil
 .text.vTaskDelay
                0x0000208e       0x3c FreeRTOS/src/tasks.o
                0x0000208e                vTaskDelay
 .text.vTaskSwitchContext
                0x000020ca       0xca FreeRTOS/src/tasks.o
                0x000020ca                vTaskSwitchContext
 .text.vTaskPlaceOnEventList
                0x00002194       0x30 FreeRTOS/src/tasks.o
                0x00002194                vTaskPlaceOnEventList
 .text.vTaskPlaceOnUnorderedEventList
                0x000021c4       0x96 FreeRTOS/src/tasks.o
                0x000021c4                vTaskPlaceOnUnorderedEventList
 .text.vTaskPlaceOnEventListRestricted
                0x0000225a       0x86 FreeRTOS/src/tasks.o
                0x0000225a                vTaskPlaceOnEventListRestricted
 .text.xTaskRemoveFromEventList
                0x000022e0      0x15e FreeRTOS/src/tasks.o
                0x000022e0                xTaskRemoveFromEventList
 .text.vTaskRemoveFromUnorderedEventList
                0x0000243e      0x134 FreeRTOS/src/tasks.o
                0x0000243e                vTaskRemoveFromUnorderedEventList
 .text.vTaskSetTimeOutState
                0x00002572       0x2c FreeRTOS/src/tasks.o
                0x00002572                vTaskSetTimeOutState
 .text.vTaskInternalSetTimeOutState
                0x0000259e       0x22 FreeRTOS/src/tasks.o
                0x0000259e                vTaskInternalSetTimeOutState
 .text.xTaskCheckForTimeOut
                0x000025c0       0xce FreeRTOS/src/tasks.o
                0x000025c0                xTaskCheckForTimeOut
 .text.vTaskMissedYield
                0x0000268e        0x8 FreeRTOS/src/tasks.o
                0x0000268e                vTaskMissedYield
 .text.xTaskGetCurrentTaskHandle
                0x00002696        0xa FreeRTOS/src/tasks.o
                0x00002696                xTaskGetCurrentTaskHandle
 .text.xTaskGetSchedulerState
                0x000026a0       0x1c FreeRTOS/src/tasks.o
                0x000026a0                xTaskGetSchedulerState
 .text.xTaskPriorityDisinherit
                0x000026bc       0xb6 FreeRTOS/src/tasks.o
                0x000026bc                xTaskPriorityDisinherit
 .text.uxTaskResetEventItemValue
                0x00002772       0x54 FreeRTOS/src/tasks.o
                0x00002772                uxTaskResetEventItemValue
 .text.xTaskGenericNotifyWait
                0x000027c6      0x150 FreeRTOS/src/tasks.o
                0x000027c6                xTaskGenericNotifyWait
 .text.xTaskGenericNotify
                0x00002916      0x1ee FreeRTOS/src/tasks.o
                0x00002916                xTaskGenericNotify
 .text.xTaskGenericNotifyStateClear
                0x00002b04       0x34 FreeRTOS/src/tasks.o
                0x00002b04                xTaskGenericNotifyStateClear
 .text.prvGetNextExpireTime
                0x00002b38       0x30 FreeRTOS/src/timers.o
 .text.prvInsertTimerInActiveList
                0x00002b68       0x92 FreeRTOS/src/timers.o
 .text.prvCheckForValidListAndQueue
                0x00002bfa       0x52 FreeRTOS/src/timers.o
 .text.xTimerCreateTimerTask
                0x00002c4c       0x44 FreeRTOS/src/timers.o
                0x00002c4c                xTimerCreateTimerTask
 .text.xTimerGenericCommand
                0x00002c90       0xbe FreeRTOS/src/timers.o
                0x00002c90                xTimerGenericCommand
 .text.prvSwitchTimerLists
                0x00002d4e       0xd2 FreeRTOS/src/timers.o
 .text.prvSampleTimeNow
                0x00002e20       0x5e FreeRTOS/src/timers.o
 .text.prvProcessExpiredTimer
                0x00002e7e       0xb0 FreeRTOS/src/timers.o
 .text.prvProcessTimerOrBlockTask
                0x00002f2e       0xb2 FreeRTOS/src/timers.o
 .text.prvProcessReceivedCommands
                0x00002fe0      0x170 FreeRTOS/src/timers.o
 .text.vApplicationIdleHook
                0x00003150        0x2 FreeRTOS/src/variantHooks.o
                0x00003150                vApplicationIdleHook
 .text.prvSetMainLedOn
                0x00003152        0xe FreeRTOS/src/variantHooks.o
                0x00003152                prvSetMainLedOn
 .text.prvBlinkMainLed
                0x00003160        0x8 FreeRTOS/src/variantHooks.o
                0x00003160                prvBlinkMainLed
 .text.vApplicationMallocFailedHook
                0x00003168       0x1c FreeRTOS/src/variantHooks.o
                0x00003168                vApplicationMallocFailedHook
 .text.vApplicationStackOverflowHook
                0x00003184       0x1c FreeRTOS/src/variantHooks.o
                0x00003184                vApplicationStackOverflowHook
 .text.ApplicationTask
                0x000031a0       0xf6 IotProject/Application.o
                0x000031a0                ApplicationTask
 .text.createApplicationTask
                0x00003296       0x28 IotProject/Application.o
                0x00003296                createApplicationTask
 .text.myCo2CallBack
                0x000032be        0xa IotProject/CO2Sensor.o
                0x000032be                myCo2CallBack
 .text.initializeCo2Driver
                0x000032c8       0x10 IotProject/CO2Sensor.o
                0x000032c8                initializeCo2Driver
 .text.getCo2   0x000032d8        0xa IotProject/CO2Sensor.o
                0x000032d8                getCo2
 .text.measureCo2
                0x000032e2       0x1e IotProject/CO2Sensor.o
                0x000032e2                measureCo2
 .text.Co2Task  0x00003300       0x50 IotProject/CO2Sensor.o
                0x00003300                Co2Task
 .text.createCo2Task
                0x00003350       0x2c IotProject/CO2Sensor.o
                0x00003350                createCo2Task
 .text.create_tasks
                0x0000337c       0x1a IotProject/main.o
                0x0000337c                create_tasks
 .text.initSystem
                0x00003396       0x18 IotProject/main.o
                0x00003396                initSystem
 .text.main     0x000033ae       0x12 IotProject/main.o
                0x000033ae                main
 .text.setCO2   0x000033c0        0xa IotProject/SensorDataPackageHandler.o
                0x000033c0                setCO2
 .text.setHumidity
                0x000033ca        0xa IotProject/SensorDataPackageHandler.o
                0x000033ca                setHumidity
 .text.setTemperature
                0x000033d4        0xa IotProject/SensorDataPackageHandler.o
                0x000033d4                setTemperature
 .text.getLoRaPayload
                0x000033de       0x64 IotProject/SensorDataPackageHandler.o
                0x000033de                getLoRaPayload
 .text.getHumidity
                0x00003442        0xa IotProject/TemperatureAndHumiditySensor.o
                0x00003442                getHumidity
 .text.getTemperature
                0x0000344c        0xa IotProject/TemperatureAndHumiditySensor.o
                0x0000344c                getTemperature
 .text.initializeTempAndHumDriver
                0x00003456       0x1c IotProject/TemperatureAndHumiditySensor.o
                0x00003456                initializeTempAndHumDriver
 .text.measureTempAndHum
                0x00003472       0x3a IotProject/TemperatureAndHumiditySensor.o
                0x00003472                measureTempAndHum
 .text.TempAndHumTask
                0x000034ac       0x70 IotProject/TemperatureAndHumiditySensor.o
                0x000034ac                TempAndHumTask
 .text.createTempAndHumTask
                0x0000351c       0x2c IotProject/TemperatureAndHumiditySensor.o
                0x0000351c                createTempAndHumTask
 .text._lora_setup
                0x00003548      0x1ac IotProject/UpLinkHandler.o
                0x00003548                _lora_setup
 .text.lora_handler_task
                0x000036f4       0x9c IotProject/UpLinkHandler.o
 .text.lora_handler_uplink_payload
                0x00003790       0x28 IotProject/UpLinkHandler.o
                0x00003790                lora_handler_uplink_payload
 .text.avr-libc.fplib
                0x000037b8       0x5e c:/program files (x86)/atmel/studio/7.0/toolchain/avr8/avr8-gnu-toolchain/bin/../lib/gcc/avr/5.4.0/../../../../avr/lib/avr6\libm.a(fixunssfsi.o)
                0x000037b8                __fixunssfsi
 .text.avr-libc.fplib
                0x00003816       0x44 c:/program files (x86)/atmel/studio/7.0/toolchain/avr8/avr8-gnu-toolchain/bin/../lib/gcc/avr/5.4.0/../../../../avr/lib/avr6\libm.a(fp_split3.o)
                0x00003816                __fp_split3
                0x00003826                __fp_splitA
 .text.avr-libc.fplib
                0x0000385a        0xe c:/program files (x86)/atmel/studio/7.0/toolchain/avr8/avr8-gnu-toolchain/bin/../lib/gcc/avr/5.4.0/../../../../avr/lib/avr6\libm.a(fp_zero.o)
                0x0000385a                __fp_zero
                0x0000385c                __fp_szero
 .text._hihTwiCallback
                0x00003868       0x5a ../drivers\libIotLibrary.a(hih8120.o)
 .text.hih8120_initialise
                0x000038c2       0x30 ../drivers\libIotLibrary.a(hih8120.o)
                0x000038c2                hih8120_initialise
 .text.hih8120_wakeup
                0x000038f2       0x2a ../drivers\libIotLibrary.a(hih8120.o)
                0x000038f2                hih8120_wakeup
 .text.hih8120_measure
                0x0000391c       0x22 ../drivers\libIotLibrary.a(hih8120.o)
                0x0000391c                hih8120_measure
 .text.hih8120_getHumidity
                0x0000393e       0x2a ../drivers\libIotLibrary.a(hih8120.o)
                0x0000393e                hih8120_getHumidity
 .text.hih8120_getTemperature
                0x00003968       0x36 ../drivers\libIotLibrary.a(hih8120.o)
                0x00003968                hih8120_getTemperature
 .text._uploadMessage
                0x0000399e       0xb6 ../drivers\libIotLibrary.a(lora_driver.o)
 .text._reply2ReturnCode
                0x00003a54       0xea ../drivers\libIotLibrary.a(lora_driver.o)
 .text._uploadMessageRc
                0x00003b3e        0xa ../drivers\libIotLibrary.a(lora_driver.o)
 .text.lora_driver_flushBuffers
                0x00003b48        0xe ../drivers\libIotLibrary.a(lora_driver.o)
                0x00003b48                lora_driver_flushBuffers
 .text.lora_driver_resetRn2483
                0x00003b56       0x1c ../drivers\libIotLibrary.a(lora_driver.o)
                0x00003b56                lora_driver_resetRn2483
 .text.lora_driver_rn2483FactoryReset
                0x00003b72       0x26 ../drivers\libIotLibrary.a(lora_driver.o)
                0x00003b72                lora_driver_rn2483FactoryReset
 .text.lora_driver_getRn2483Hweui
                0x00003b98       0x3a ../drivers\libIotLibrary.a(lora_driver.o)
                0x00003b98                lora_driver_getRn2483Hweui
 .text.lora_driver_setDeviceIdentifier
                0x00003bd2       0x24 ../drivers\libIotLibrary.a(lora_driver.o)
                0x00003bd2                lora_driver_setDeviceIdentifier
 .text.lora_driver_setApplicationIdentifier
                0x00003bf6       0x24 ../drivers\libIotLibrary.a(lora_driver.o)
                0x00003bf6                lora_driver_setApplicationIdentifier
 .text.lora_driver_setApplicationKey
                0x00003c1a       0x24 ../drivers\libIotLibrary.a(lora_driver.o)
                0x00003c1a                lora_driver_setApplicationKey
 .text.lora_driver_saveMac
                0x00003c3e        0xe ../drivers\libIotLibrary.a(lora_driver.o)
                0x00003c3e                lora_driver_saveMac
 .text.lora_driver_join
                0x00003c4c       0x58 ../drivers\libIotLibrary.a(lora_driver.o)
                0x00003c4c                lora_driver_join
 .text.lora_driver_sendUploadMessage
                0x00003ca4      0x19e ../drivers\libIotLibrary.a(lora_driver.o)
                0x00003ca4                lora_driver_sendUploadMessage
 .text.lora_driver_setAdaptiveDataRate
                0x00003e42       0x18 ../drivers\libIotLibrary.a(lora_driver.o)
                0x00003e42                lora_driver_setAdaptiveDataRate
 .text.lora_driver_setReceiveDelay
                0x00003e5a       0x32 ../drivers\libIotLibrary.a(lora_driver.o)
                0x00003e5a                lora_driver_setReceiveDelay
 .text.lora_driver_configureToEu868
                0x00003e8c      0x1d8 ../drivers\libIotLibrary.a(lora_driver.o)
                0x00003e8c                lora_driver_configureToEu868
 .text.lora_driver_setOtaaIdentity
                0x00004064       0x4c ../drivers\libIotLibrary.a(lora_driver.o)
                0x00004064                lora_driver_setOtaaIdentity
 .text.lora_driver_mapReturnCodeToText
                0x000040b0       0x18 ../drivers\libIotLibrary.a(lora_driver.o)
                0x000040b0                lora_driver_mapReturnCodeToText
 .text.decode_port_no
                0x000040c8       0x58 ../drivers\libIotLibrary.a(lora_driver_utils.o)
                0x000040c8                decode_port_no
 .text.decode_hexadecimal_string_bytes
                0x00004120       0x92 ../drivers\libIotLibrary.a(lora_driver_utils.o)
                0x00004120                decode_hexadecimal_string_bytes
 .text._serialCallBack
                0x000041b2       0xb6 ../drivers\libIotLibrary.a(mh_z19.o)
 .text.mh_z19_initialise
                0x00004268       0x4c ../drivers\libIotLibrary.a(mh_z19.o)
                0x00004268                mh_z19_initialise
 .text.mh_z19_injectCallBack
                0x000042b4        0xa ../drivers\libIotLibrary.a(mh_z19.o)
                0x000042b4                mh_z19_injectCallBack
 .text.mh_z19_takeMeassuring
                0x000042be       0x60 ../drivers\libIotLibrary.a(mh_z19.o)
                0x000042be                mh_z19_takeMeassuring
 .text.serial_create
                0x0000431e      0x150 ../drivers\libIotLibrary.a(serial.o)
                0x0000431e                serial_create
 .text.serial_sendByte
                0x0000446e       0x56 ../drivers\libIotLibrary.a(serial.o)
                0x0000446e                serial_sendByte
 .text.serial_sendBytes
                0x000044c4       0xaa ../drivers\libIotLibrary.a(serial.o)
                0x000044c4                serial_sendBytes
 .text.serial_getByte
                0x0000456e       0x40 ../drivers\libIotLibrary.a(serial.o)
                0x0000456e                serial_getByte
 .text.__vector_25
                0x000045ae       0xa4 ../drivers\libIotLibrary.a(serial.o)
                0x000045ae                __vector_25
 .text.__vector_26
                0x00004652       0x88 ../drivers\libIotLibrary.a(serial.o)
                0x00004652                __vector_26
 .text.__vector_36
                0x000046da       0xa4 ../drivers\libIotLibrary.a(serial.o)
                0x000046da                __vector_36
 .text.__vector_37
                0x0000477e       0x88 ../drivers\libIotLibrary.a(serial.o)
                0x0000477e                __vector_37
 .text.__vector_51
                0x00004806       0xa4 ../drivers\libIotLibrary.a(serial.o)
                0x00004806                __vector_51
 .text.__vector_52
                0x000048aa       0x88 ../drivers\libIotLibrary.a(serial.o)
                0x000048aa                __vector_52
 .text.__vector_54
                0x00004932       0xa4 ../drivers\libIotLibrary.a(serial.o)
                0x00004932                __vector_54
 .text.__vector_55
                0x000049d6       0x88 ../drivers\libIotLibrary.a(serial.o)
                0x000049d6                __vector_55
 .text.usart_getchar
                0x00004a5e       0x2c ../drivers\libIotLibrary.a(stdio_driver.o)
 .text.usart_putchar
                0x00004a8a       0x14 ../drivers\libIotLibrary.a(stdio_driver.o)
 .text.stdio_initialise
                0x00004a9e       0x54 ../drivers\libIotLibrary.a(stdio_driver.o)
                0x00004a9e                stdio_initialise
 .text._turn_off
                0x00004af2       0x98 ../drivers\libIotLibrary.a(status_leds.o)
 .text._turn_on
                0x00004b8a       0x98 ../drivers\libIotLibrary.a(status_leds.o)
 .text._hal_led_task
                0x00004c22       0x90 ../drivers\libIotLibrary.a(status_leds.o)
 .text.status_leds_initialise
                0x00004cb2       0xa4 ../drivers\libIotLibrary.a(status_leds.o)
                0x00004cb2                status_leds_initialise
 .text.status_leds_slowBlink
                0x00004d56       0x46 ../drivers\libIotLibrary.a(status_leds.o)
                0x00004d56                status_leds_slowBlink
 .text.status_leds_fastBlink
                0x00004d9c       0x46 ../drivers\libIotLibrary.a(status_leds.o)
                0x00004d9c                status_leds_fastBlink
 .text.status_leds_ledOn
                0x00004de2       0x20 ../drivers\libIotLibrary.a(status_leds.o)
                0x00004de2                status_leds_ledOn
 .text.status_leds_ledOff
                0x00004e02       0x20 ../drivers\libIotLibrary.a(status_leds.o)
                0x00004e02                status_leds_ledOff
 .text.status_leds_longPuls
                0x00004e22       0x24 ../drivers\libIotLibrary.a(status_leds.o)
                0x00004e22                status_leds_longPuls
 .text.status_leds_shortPuls
                0x00004e46       0x22 ../drivers\libIotLibrary.a(status_leds.o)
                0x00004e46                status_leds_shortPuls
 .text._initTwiInterface
                0x00004e68       0x22 ../drivers\libIotLibrary.a(twi.o)
 .text.twiCreate
                0x00004e8a       0xa0 ../drivers\libIotLibrary.a(twi.o)
                0x00004e8a                twiCreate
 .text.twiIsBusy
                0x00004f2a        0x8 ../drivers\libIotLibrary.a(twi.o)
                0x00004f2a                twiIsBusy
 .text.twiTransmit
                0x00004f32       0x9c ../drivers\libIotLibrary.a(twi.o)
                0x00004f32                twiTransmit
 .text.twiReceive
                0x00004fce       0x6a ../drivers\libIotLibrary.a(twi.o)
                0x00004fce                twiReceive
 .text.__vector_39
                0x00005038      0x17c ../drivers\libIotLibrary.a(twi.o)
                0x00005038                __vector_39
 .text.fifo_init
                0x000051b4       0x3e ../drivers\libIotLibrary.a(fifo.o)
                0x000051b4                fifo_init
 .text.avr-libc.fplib
                0x000051f2        0xe c:/program files (x86)/atmel/studio/7.0/toolchain/avr8/avr8-gnu-toolchain/bin/../lib/gcc/avr/5.4.0/../../../../avr/lib/avr6\libm.a(addsf3.o)
                0x000051f2                __subsf3
                0x000051f4                __addsf3
 .text.avr-libc.fplib
                0x00005200       0xcc c:/program files (x86)/atmel/studio/7.0/toolchain/avr8/avr8-gnu-toolchain/bin/../lib/gcc/avr/5.4.0/../../../../avr/lib/avr6\libm.a(addsf3x.o)
                0x00005222                __addsf3x
 .text.avr-libc.fplib
                0x000052cc        0x8 c:/program files (x86)/atmel/studio/7.0/toolchain/avr8/avr8-gnu-toolchain/bin/../lib/gcc/avr/5.4.0/../../../../avr/lib/avr6\libm.a(divsf3.o)
                0x000052cc                __divsf3
 .text.avr-libc.fplib
                0x000052d4       0xdc c:/program files (x86)/atmel/studio/7.0/toolchain/avr8/avr8-gnu-toolchain/bin/../lib/gcc/avr/5.4.0/../../../../avr/lib/avr6\libm.a(divsf3x.o)
                0x000052f4                __divsf3x
                0x000052fa                __divsf3_pse
 .text.avr-libc.fplib
                0x000053b0       0x7a c:/program files (x86)/atmel/studio/7.0/toolchain/avr8/avr8-gnu-toolchain/bin/../lib/gcc/avr/5.4.0/../../../../avr/lib/avr6\libm.a(floatsisf.o)
                0x000053b0                __floatunsisf
                0x000053b4                __floatsisf
 .text.avr-libc.fplib
                0x0000542a        0xc c:/program files (x86)/atmel/studio/7.0/toolchain/avr8/avr8-gnu-toolchain/bin/../lib/gcc/avr/5.4.0/../../../../avr/lib/avr6\libm.a(fp_inf.o)
                0x0000542a                __fp_inf
 .text.avr-libc.fplib
                0x00005436        0x6 c:/program files (x86)/atmel/studio/7.0/toolchain/avr8/avr8-gnu-toolchain/bin/../lib/gcc/avr/5.4.0/../../../../avr/lib/avr6\libm.a(fp_nan.o)
                0x00005436                __fp_nan
 .text.avr-libc.fplib
                0x0000543c        0xe c:/program files (x86)/atmel/studio/7.0/toolchain/avr8/avr8-gnu-toolchain/bin/../lib/gcc/avr/5.4.0/../../../../avr/lib/avr6\libm.a(fp_pscA.o)
                0x0000543c                __fp_pscA
 .text.avr-libc.fplib
                0x0000544a        0xe c:/program files (x86)/atmel/studio/7.0/toolchain/avr8/avr8-gnu-toolchain/bin/../lib/gcc/avr/5.4.0/../../../../avr/lib/avr6\libm.a(fp_pscB.o)
                0x0000544a                __fp_pscB
 .text.avr-libc.fplib
                0x00005458       0x22 c:/program files (x86)/atmel/studio/7.0/toolchain/avr8/avr8-gnu-toolchain/bin/../lib/gcc/avr/5.4.0/../../../../avr/lib/avr6\libm.a(fp_round.o)
                0x00005458                __fp_round
 .text.avr-libc.fplib
                0x0000547a        0x8 c:/program files (x86)/atmel/studio/7.0/toolchain/avr8/avr8-gnu-toolchain/bin/../lib/gcc/avr/5.4.0/../../../../avr/lib/avr6\libm.a(mulsf3.o)
                0x0000547a                __mulsf3
 .text.avr-libc.fplib
                0x00005482       0xd2 c:/program files (x86)/atmel/studio/7.0/toolchain/avr8/avr8-gnu-toolchain/bin/../lib/gcc/avr/5.4.0/../../../../avr/lib/avr6\libm.a(mulsf3x.o)
                0x000054a0                __mulsf3x
                0x000054a6                __mulsf3_pse
 .text.libgcc.div
                0x00005554       0x44 c:/program files (x86)/atmel/studio/7.0/toolchain/avr8/avr8-gnu-toolchain/bin/../lib/gcc/avr/5.4.0/avr6\libgcc.a(_udivmodsi4.o)
                0x00005554                __udivmodsi4
 .text.libgcc   0x00005598       0x10 c:/program files (x86)/atmel/studio/7.0/toolchain/avr8/avr8-gnu-toolchain/bin/../lib/gcc/avr/5.4.0/avr6\libgcc.a(_tablejump2.o)
                0x00005598                __tablejump2__
 .text.avr-libc
                0x000055a8      0x242 c:/program files (x86)/atmel/studio/7.0/toolchain/avr8/avr8-gnu-toolchain/bin/../lib/gcc/avr/5.4.0/../../../../avr/lib/avr6\libc.a(malloc.o)
                0x000055a8                malloc
                0x000056d8                free
 .text.avr-libc
                0x000057ea        0xa c:/program files (x86)/atmel/studio/7.0/toolchain/avr8/avr8-gnu-toolchain/bin/../lib/gcc/avr/5.4.0/../../../../avr/lib/avr6\libc.a(abort.o)
                0x000057ea                abort
 .text.avr-libc
                0x000057f4       0x12 c:/program files (x86)/atmel/studio/7.0/toolchain/avr8/avr8-gnu-toolchain/bin/../lib/gcc/avr/5.4.0/../../../../avr/lib/avr6\libc.a(memcpy.o)
                0x000057f4                memcpy
 .text.avr-libc
                0x00005806        0xe c:/program files (x86)/atmel/studio/7.0/toolchain/avr8/avr8-gnu-toolchain/bin/../lib/gcc/avr/5.4.0/../../../../avr/lib/avr6\libc.a(memset.o)
                0x00005806                memset
 .text.avr-libc
                0x00005814       0x4a c:/program files (x86)/atmel/studio/7.0/toolchain/avr8/avr8-gnu-toolchain/bin/../lib/gcc/avr/5.4.0/../../../../avr/lib/avr6\libc.a(strcasestr.o)
                0x00005814                strcasestr
 .text.avr-libc
                0x0000585e       0x16 c:/program files (x86)/atmel/studio/7.0/toolchain/avr8/avr8-gnu-toolchain/bin/../lib/gcc/avr/5.4.0/../../../../avr/lib/avr6\libc.a(strcat.o)
                0x0000585e                strcat
 .text.avr-libc
                0x00005874        0xe c:/program files (x86)/atmel/studio/7.0/toolchain/avr8/avr8-gnu-toolchain/bin/../lib/gcc/avr/5.4.0/../../../../avr/lib/avr6\libc.a(strcpy.o)
                0x00005874                strcpy
 .text.avr-libc
                0x00005882       0x30 c:/program files (x86)/atmel/studio/7.0/toolchain/avr8/avr8-gnu-toolchain/bin/../lib/gcc/avr/5.4.0/../../../../avr/lib/avr6\libc.a(strncasecmp.o)
                0x00005882                strncasecmp
 .text.avr-libc
                0x000058b2       0x28 c:/program files (x86)/atmel/studio/7.0/toolchain/avr8/avr8-gnu-toolchain/bin/../lib/gcc/avr/5.4.0/../../../../avr/lib/avr6\libc.a(printf.o)
                0x000058b2                printf
 .text.avr-libc
                0x000058da       0x60 c:/program files (x86)/atmel/studio/7.0/toolchain/avr8/avr8-gnu-toolchain/bin/../lib/gcc/avr/5.4.0/../../../../avr/lib/avr6\libc.a(puts.o)
                0x000058da                puts
 .text.avr-libc
                0x0000593a       0x5e c:/program files (x86)/atmel/studio/7.0/toolchain/avr8/avr8-gnu-toolchain/bin/../lib/gcc/avr/5.4.0/../../../../avr/lib/avr6\libc.a(sprintf.o)
                0x0000593a                sprintf
 .text.avr-libc
                0x00005998      0x414 c:/program files (x86)/atmel/studio/7.0/toolchain/avr8/avr8-gnu-toolchain/bin/../lib/gcc/avr/5.4.0/../../../../avr/lib/avr6\libc.a(vfprintf_std.o)
                0x00005998                vfprintf
 .text.avr-libc
                0x00005dac       0x16 c:/program files (x86)/atmel/studio/7.0/toolchain/avr8/avr8-gnu-toolchain/bin/../lib/gcc/avr/5.4.0/../../../../avr/lib/avr6\libc.a(strnlen_P.o)
                0x00005dac                strnlen_P
 .text.avr-libc
                0x00005dc2       0x16 c:/program files (x86)/atmel/studio/7.0/toolchain/avr8/avr8-gnu-toolchain/bin/../lib/gcc/avr/5.4.0/../../../../avr/lib/avr6\libc.a(strnlen.o)
                0x00005dc2                strnlen
 .text.avr-libc
                0x00005dd8       0x78 c:/program files (x86)/atmel/studio/7.0/toolchain/avr8/avr8-gnu-toolchain/bin/../lib/gcc/avr/5.4.0/../../../../avr/lib/avr6\libc.a(fputc.o)
                0x00005dd8                fputc
 .text.avr-libc
                0x00005e50       0xbc c:/program files (x86)/atmel/studio/7.0/toolchain/avr8/avr8-gnu-toolchain/bin/../lib/gcc/avr/5.4.0/../../../../avr/lib/avr6\libc.a(ultoa_invert.o)
                0x00005e50                __ultoa_invert
                0x00005f0c                . = ALIGN (0x2)
 *(.fini9)
 .fini9         0x00005f0c        0x0 c:/program files (x86)/atmel/studio/7.0/toolchain/avr8/avr8-gnu-toolchain/bin/../lib/gcc/avr/5.4.0/avr6\libgcc.a(_exit.o)
                0x00005f0c                _exit
                0x00005f0c                exit
 *(.fini9)
 *(.fini8)
 *(.fini8)
 *(.fini7)
 *(.fini7)
 *(.fini6)
 *(.fini6)
 *(.fini5)
 *(.fini5)
 *(.fini4)
 *(.fini4)
 *(.fini3)
 *(.fini3)
 *(.fini2)
 *(.fini2)
 *(.fini1)
 *(.fini1)
 *(.fini0)
 .fini0         0x00005f0c        0x4 c:/program files (x86)/atmel/studio/7.0/toolchain/avr8/avr8-gnu-toolchain/bin/../lib/gcc/avr/5.4.0/avr6\libgcc.a(_exit.o)
 *(.fini0)
                0x00005f10                _etext = .

.data           0x00800200      0x5ec load address 0x00005f10
                0x00800200                PROVIDE (__data_start, .)
 *(.data)
 .data          0x00800200        0x6 c:/program files (x86)/atmel/studio/7.0/toolchain/avr8/avr8-gnu-toolchain/bin/../lib/gcc/avr/5.4.0/../../../../avr/lib/avr6\libc.a(malloc.o)
                0x00800200                __malloc_heap_end
                0x00800202                __malloc_heap_start
                0x00800204                __malloc_margin
 *(.data*)
 .data.uxTopUsedPriority
                0x00800206        0x1 FreeRTOS/src/tasks.o
                0x00800206                uxTopUsedPriority
 .data._temp    0x00800207        0x2 ../drivers\libIotLibrary.a(hih8120.o)
 .data._hum     0x00800209        0x2 ../drivers\libIotLibrary.a(hih8120.o)
 .data._com_port_2_udr
                0x0080020b        0x8 ../drivers\libIotLibrary.a(serial.o)
                0x0080020b                _com_port_2_udr
 .data.mystdout.1882
                0x00800213        0xe ../drivers\libIotLibrary.a(stdio_driver.o)
 .data._twiCurrentState
                0x00800221        0x1 ../drivers\libIotLibrary.a(twi.o)
 *(.gnu.linkonce.d*)
 *(.rodata)
 .rodata        0x00800222       0x20 ../drivers\libIotLibrary.a(lora_driver.o)
 .rodata        0x00800242       0x2d ../drivers\libIotLibrary.a(mh_z19.o)
 *(.rodata*)
 .rodata.str1.1
                0x0080026f        0x5 FreeRTOS/src/tasks.o
 .rodata.str1.1
                0x00800274        0x8 FreeRTOS/src/timers.o
 .rodata.str1.1
                0x0080027c       0x62 IotProject/Application.o
 .rodata.str1.1
                0x008002de       0x3f IotProject/CO2Sensor.o
 .rodata.str1.1
                0x0080031d        0x9 IotProject/main.o
 .rodata.str1.1
                0x00800326       0x27 IotProject/SensorDataPackageHandler.o
 .rodata.str1.1
                0x0080034d       0x76 IotProject/TemperatureAndHumiditySensor.o
 .rodata.str1.1
                0x008003c3      0x154 IotProject/UpLinkHandler.o
 .rodata.str1.1
                0x00800517      0x295 ../drivers\libIotLibrary.a(lora_driver.o)
                                0x2a5 (size before relaxing)
 .rodata._joinMode
                0x008007ac        0x4 ../drivers\libIotLibrary.a(lora_driver.o)
 .rodata._returnCode
                0x008007b0       0x33 ../drivers\libIotLibrary.a(lora_driver.o)
                0x008007b0                _returnCode
 .rodata.str1.1
                0x008007e3        0x8 ../drivers\libIotLibrary.a(status_leds.o)
 *(.gnu.linkonce.r*)
                0x008007ec                . = ALIGN (0x2)
 *fill*         0x008007eb        0x1 
                0x008007ec                _edata = .
                0x008007ec                PROVIDE (__data_end, .)

.bss            0x008007ec      0xfd1
                0x008007ec                PROVIDE (__bss_start, .)
 *(.bss)
 *(.bss*)
 .bss.xBlockAllocatedBit
                0x008007ec        0x2 FreeRTOS/src/heap_4.o
 .bss.xNumberOfSuccessfulFrees
                0x008007ee        0x2 FreeRTOS/src/heap_4.o
 .bss.xNumberOfSuccessfulAllocations
                0x008007f0        0x2 FreeRTOS/src/heap_4.o
 .bss.xMinimumEverFreeBytesRemaining
                0x008007f2        0x2 FreeRTOS/src/heap_4.o
 .bss.xFreeBytesRemaining
                0x008007f4        0x2 FreeRTOS/src/heap_4.o
 .bss.pxEnd     0x008007f6        0x2 FreeRTOS/src/heap_4.o
 .bss.xStart    0x008007f8        0x4 FreeRTOS/src/heap_4.o
 .bss.ucHeap    0x008007fc      0xdac FreeRTOS/src/heap_4.o
 .bss.uxSchedulerSuspended
                0x008015a8        0x1 FreeRTOS/src/tasks.o
 .bss.xIdleTaskHandle
                0x008015a9        0x2 FreeRTOS/src/tasks.o
 .bss.xNextTaskUnblockTime
                0x008015ab        0x4 FreeRTOS/src/tasks.o
 .bss.uxTaskNumber
                0x008015af        0x1 FreeRTOS/src/tasks.o
 .bss.xNumOfOverflows
                0x008015b0        0x1 FreeRTOS/src/tasks.o
 .bss.xYieldPending
                0x008015b1        0x1 FreeRTOS/src/tasks.o
 .bss.xPendedTicks
                0x008015b2        0x4 FreeRTOS/src/tasks.o
 .bss.xSchedulerRunning
                0x008015b6        0x1 FreeRTOS/src/tasks.o
 .bss.uxTopReadyPriority
                0x008015b7        0x1 FreeRTOS/src/tasks.o
 .bss.xTickCount
                0x008015b8        0x4 FreeRTOS/src/tasks.o
 .bss.uxCurrentNumberOfTasks
                0x008015bc        0x1 FreeRTOS/src/tasks.o
 .bss.xSuspendedTaskList
                0x008015bd        0xb FreeRTOS/src/tasks.o
 .bss.uxDeletedTasksWaitingCleanUp
                0x008015c8        0x1 FreeRTOS/src/tasks.o
 .bss.xTasksWaitingTermination
                0x008015c9        0xb FreeRTOS/src/tasks.o
 .bss.xPendingReadyList
                0x008015d4        0xb FreeRTOS/src/tasks.o
 .bss.pxOverflowDelayedTaskList
                0x008015df        0x2 FreeRTOS/src/tasks.o
 .bss.pxDelayedTaskList
                0x008015e1        0x2 FreeRTOS/src/tasks.o
 .bss.xDelayedTaskList2
                0x008015e3        0xb FreeRTOS/src/tasks.o
 .bss.xDelayedTaskList1
                0x008015ee        0xb FreeRTOS/src/tasks.o
 .bss.pxReadyTasksLists
                0x008015f9       0x6e FreeRTOS/src/tasks.o
 .bss.pxCurrentTCB
                0x00801667        0x2 FreeRTOS/src/tasks.o
                0x00801667                pxCurrentTCB
 .bss.xLastTime.2436
                0x00801669        0x4 FreeRTOS/src/timers.o
 .bss.xTimerTaskHandle
                0x0080166d        0x2 FreeRTOS/src/timers.o
 .bss.xTimerQueue
                0x0080166f        0x2 FreeRTOS/src/timers.o
 .bss.pxOverflowTimerList
                0x00801671        0x2 FreeRTOS/src/timers.o
 .bss.pxCurrentTimerList
                0x00801673        0x2 FreeRTOS/src/timers.o
 .bss.xActiveTimerList2
                0x00801675        0xb FreeRTOS/src/timers.o
 .bss.xActiveTimerList1
                0x00801680        0xb FreeRTOS/src/timers.o
 .bss.co2Ppm    0x0080168b        0x2 IotProject/CO2Sensor.o
                0x0080168b                co2Ppm
 .bss.humidity  0x0080168d        0x2 IotProject/TemperatureAndHumiditySensor.o
                0x0080168d                humidity
 .bss.temperature
                0x0080168f        0x2 IotProject/TemperatureAndHumiditySensor.o
                0x0080168f                temperature
 .bss._measuringIsReady
                0x00801691        0x1 ../drivers\libIotLibrary.a(hih8120.o)
 .bss._hih8120Handler
                0x00801692        0x2 ../drivers\libIotLibrary.a(hih8120.o)
 .bss._tmp_buf.2871
                0x00801694       0x37 ../drivers\libIotLibrary.a(lora_driver.o)
 .bss._downlinkMessageBuffer
                0x008016cb        0x2 ../drivers\libIotLibrary.a(lora_driver.o)
 .bss._serialReplyBufferHandle
                0x008016cd        0x2 ../drivers\libIotLibrary.a(lora_driver.o)
 .bss._rn2483_serial
                0x008016cf        0x2 ../drivers\libIotLibrary.a(lora_driver.o)
 .bss._downlinkPayload
                0x008016d1       0x16 ../drivers\libIotLibrary.a(lora_driver.o)
 .bss._payLoadHexBytes
                0x008016e7       0x15 ../drivers\libIotLibrary.a(lora_driver.o)
 .bss._sendMessage
                0x008016fc       0x2d ../drivers\libIotLibrary.a(lora_driver.o)
 .bss._replyMess
                0x00801729       0x2d ../drivers\libIotLibrary.a(lora_driver.o)
 .bss.data.1944
                0x00801756        0x2 ../drivers\libIotLibrary.a(mh_z19.o)
 .bss.inDex.1943
                0x00801758        0x1 ../drivers\libIotLibrary.a(mh_z19.o)
 .bss.crc_sum.1945
                0x00801759        0x1 ../drivers\libIotLibrary.a(mh_z19.o)
 .bss._appCallBack
                0x0080175a        0x2 ../drivers\libIotLibrary.a(mh_z19.o)
 .bss._mh_state
                0x0080175c        0x1 ../drivers\libIotLibrary.a(mh_z19.o)
                0x0080175c                _mh_state
 .bss._ppm      0x0080175d        0x2 ../drivers\libIotLibrary.a(mh_z19.o)
 .bss._serial   0x0080175f        0x2 ../drivers\libIotLibrary.a(mh_z19.o)
 .bss._ser_handle
                0x00801761        0x8 ../drivers\libIotLibrary.a(serial.o)
 .bss._com_serial_instance
                0x00801769        0x2 ../drivers\libIotLibrary.a(stdio_driver.o)
 .bss._led_status
                0x0080176b       0x18 ../drivers\libIotLibrary.a(status_leds.o)
 .bss._index.1885
                0x00801783        0x1 ../drivers\libIotLibrary.a(twi.o)
 .bss._twiCurrentHandler
                0x00801784        0x2 ../drivers\libIotLibrary.a(twi.o)
 .bss._twiMessageLen
                0x00801786        0x1 ../drivers\libIotLibrary.a(twi.o)
 .bss._twiMessageBuffer
                0x00801787        0xa ../drivers\libIotLibrary.a(twi.o)
 .bss._twiIsInitiated
                0x00801791        0x1 ../drivers\libIotLibrary.a(twi.o)
 *(COMMON)
 COMMON         0x00801792        0x1 IotProject/CO2Sensor.o
                0x00801792                rc
 COMMON         0x00801793        0x2 IotProject/SensorDataPackageHandler.o
                0x00801793                co2
 COMMON         0x00801795        0x8 IotProject/Setup.o
                0x00801795                upLinkMessageBuffer
                0x00801797                dataReadyEventGroup
                0x00801799                measureEventGroup
                0x0080179b                downLinkMessageBuffer
 COMMON         0x0080179d       0x16 IotProject/UpLinkHandler.o
                0x0080179d                uplink_payload
 COMMON         0x008017b3        0x4 c:/program files (x86)/atmel/studio/7.0/toolchain/avr8/avr8-gnu-toolchain/bin/../lib/gcc/avr/5.4.0/../../../../avr/lib/avr6\libc.a(malloc.o)
                0x008017b3                __brkval
                0x008017b5                __flp
 COMMON         0x008017b7        0x6 c:/program files (x86)/atmel/studio/7.0/toolchain/avr8/avr8-gnu-toolchain/bin/../lib/gcc/avr/5.4.0/../../../../avr/lib/avr6\libc.a(iob.o)
                0x008017b7                __iob
                0x008017bd                PROVIDE (__bss_end, .)
                0x00005f10                __data_load_start = LOADADDR (.data)
                0x000064fc                __data_load_end = (__data_load_start + SIZEOF (.data))

.noinit         0x008017bd        0x0
                [!provide]                PROVIDE (__noinit_start, .)
 *(.noinit*)
                [!provide]                PROVIDE (__noinit_end, .)
                0x008017bd                _end = .
                0x008017bd                PROVIDE (__heap_start, .)

.eeprom         0x00810000        0x0
 *(.eeprom*)
                0x00810000                __eeprom_end = .

.fuse
 *(.fuse)
 *(.lfuse)
 *(.hfuse)
 *(.efuse)

.lock
 *(.lock*)

.signature
 *(.signature*)

.user_signatures
 *(.user_signatures*)

.stab
 *(.stab)

.stabstr
 *(.stabstr)

.stab.excl
 *(.stab.excl)

.stab.exclstr
 *(.stab.exclstr)

.stab.index
 *(.stab.index)

.stab.indexstr
 *(.stab.indexstr)

.comment        0x00000000       0x5c
 *(.comment)
 .comment       0x00000000       0x30 FreeRTOS/src/event_groups.o
                                 0x31 (size before relaxing)
 .comment       0x00000030       0x31 FreeRTOS/src/heap_4.o
 .comment       0x00000030       0x31 FreeRTOS/src/list.o
 .comment       0x00000030       0x31 FreeRTOS/src/port.o
 .comment       0x00000030       0x31 FreeRTOS/src/queue.o
 .comment       0x00000030       0x31 FreeRTOS/src/stream_buffer.o
 .comment       0x00000030       0x31 FreeRTOS/src/tasks.o
 .comment       0x00000030       0x31 FreeRTOS/src/timers.o
 .comment       0x00000030       0x31 FreeRTOS/src/variantHooks.o
 .comment       0x00000030       0x31 IotProject/Application.o
 .comment       0x00000030       0x31 IotProject/CO2Sensor.o
 .comment       0x00000030       0x31 IotProject/main.o
 .comment       0x00000030       0x31 IotProject/SensorDataPackageHandler.o
 .comment       0x00000030       0x31 IotProject/Setup.o
 .comment       0x00000030       0x31 IotProject/TemperatureAndHumiditySensor.o
 .comment       0x00000030       0x31 IotProject/UpLinkHandler.o
 .comment       0x00000030       0x31 ../drivers\libIotLibrary.a(hih8120.o)
 .comment       0x00000030       0x31 ../drivers\libIotLibrary.a(lora_driver.o)
 .comment       0x00000030       0x31 ../drivers\libIotLibrary.a(lora_driver_utils.o)
 .comment       0x00000030       0x31 ../drivers\libIotLibrary.a(mh_z19.o)
 .comment       0x00000030       0x31 ../drivers\libIotLibrary.a(serial.o)
 .comment       0x00000030       0x31 ../drivers\libIotLibrary.a(stdio_driver.o)
 .comment       0x00000030       0x31 ../drivers\libIotLibrary.a(status_leds.o)
 .comment       0x00000030       0x31 ../drivers\libIotLibrary.a(twi.o)
 .comment       0x00000030       0x31 ../drivers\libIotLibrary.a(fifo.o)
 .comment       0x00000030       0x31 c:/program files (x86)/atmel/studio/7.0/toolchain/avr8/avr8-gnu-toolchain/bin/../lib/gcc/avr/5.4.0/../../../../avr/lib/avr6\libc.a(malloc.o)
 .comment       0x00000030       0x31 c:/program files (x86)/atmel/studio/7.0/toolchain/avr8/avr8-gnu-toolchain/bin/../lib/gcc/avr/5.4.0/../../../../avr/lib/avr6\libc.a(iob.o)
 .comment       0x00000030       0x31 c:/program files (x86)/atmel/studio/7.0/toolchain/avr8/avr8-gnu-toolchain/bin/../lib/gcc/avr/5.4.0/../../../../avr/lib/avr6\libc.a(printf.o)
 .comment       0x00000030       0x31 c:/program files (x86)/atmel/studio/7.0/toolchain/avr8/avr8-gnu-toolchain/bin/../lib/gcc/avr/5.4.0/../../../../avr/lib/avr6\libc.a(puts.o)
 .comment       0x00000030       0x31 c:/program files (x86)/atmel/studio/7.0/toolchain/avr8/avr8-gnu-toolchain/bin/../lib/gcc/avr/5.4.0/../../../../avr/lib/avr6\libc.a(sprintf.o)
 .comment       0x00000030       0x2c c:/program files (x86)/atmel/studio/7.0/toolchain/avr8/avr8-gnu-toolchain/bin/../lib/gcc/avr/5.4.0/../../../../avr/lib/avr6\libc.a(vfprintf_std.o)
                                 0x2d (size before relaxing)
 .comment       0x0000005c       0x31 c:/program files (x86)/atmel/studio/7.0/toolchain/avr8/avr8-gnu-toolchain/bin/../lib/gcc/avr/5.4.0/../../../../avr/lib/avr6\libc.a(fputc.o)

.note.gnu.avr.deviceinfo
                0x00000000       0x40
 .note.gnu.avr.deviceinfo
                0x00000000       0x40 C:/Program Files (x86)/Atmel/Studio/7.0/Packs/atmel/ATmega_DFP/1.7.374/gcc/dev/atmega2560/avr6/crtatmega2560.o

.note.gnu.build-id
 *(.note.gnu.build-id)

.debug
 *(.debug)

.line
 *(.line)

.debug_srcinfo
 *(.debug_srcinfo)

.debug_sfnames
 *(.debug_sfnames)

.debug_aranges  0x00000000      0xb38
 *(.debug_aranges)
 .debug_aranges
                0x00000000       0x68 FreeRTOS/src/event_groups.o
 .debug_aranges
                0x00000068       0x58 FreeRTOS/src/heap_4.o
 .debug_aranges
                0x000000c0       0x40 FreeRTOS/src/list.o
 .debug_aranges
                0x00000100       0x58 FreeRTOS/src/port.o
 .debug_aranges
                0x00000158       0xf8 FreeRTOS/src/queue.o
 .debug_aranges
                0x00000250       0xc0 FreeRTOS/src/stream_buffer.o
 .debug_aranges
                0x00000310      0x1d0 FreeRTOS/src/tasks.o
 .debug_aranges
                0x000004e0       0xc8 FreeRTOS/src/timers.o
 .debug_aranges
                0x000005a8       0x40 FreeRTOS/src/variantHooks.o
 .debug_aranges
                0x000005e8       0x28 IotProject/Application.o
 .debug_aranges
                0x00000610       0x48 IotProject/CO2Sensor.o
 .debug_aranges
                0x00000658       0x38 IotProject/main.o
 .debug_aranges
                0x00000690       0x38 IotProject/SensorDataPackageHandler.o
 .debug_aranges
                0x000006c8       0x30 IotProject/Setup.o
 .debug_aranges
                0x000006f8       0x50 IotProject/TemperatureAndHumiditySensor.o
 .debug_aranges
                0x00000748       0x30 IotProject/UpLinkHandler.o
 .debug_aranges
                0x00000778       0x68 ../drivers\libIotLibrary.a(hih8120.o)
 .debug_aranges
                0x000007e0      0x138 ../drivers\libIotLibrary.a(lora_driver.o)
 .debug_aranges
                0x00000918       0x28 ../drivers\libIotLibrary.a(lora_driver_utils.o)
 .debug_aranges
                0x00000940       0x58 ../drivers\libIotLibrary.a(mh_z19.o)
 .debug_aranges
                0x00000998       0x90 ../drivers\libIotLibrary.a(serial.o)
 .debug_aranges
                0x00000a28       0x38 ../drivers\libIotLibrary.a(stdio_driver.o)
 .debug_aranges
                0x00000a60       0x68 ../drivers\libIotLibrary.a(status_leds.o)
 .debug_aranges
                0x00000ac8       0x50 ../drivers\libIotLibrary.a(twi.o)
 .debug_aranges
                0x00000b18       0x20 ../drivers\libIotLibrary.a(fifo.o)

.debug_pubnames
 *(.debug_pubnames)

.debug_info     0x00000000     0xdbdd
 *(.debug_info .gnu.linkonce.wi.*)
 .debug_info    0x00000000      0xbbc C:/Program Files (x86)/Atmel/Studio/7.0/Packs/atmel/ATmega_DFP/1.7.374/gcc/dev/atmega2560/avr6/crtatmega2560.o
 .debug_info    0x00000bbc      0x971 FreeRTOS/src/event_groups.o
 .debug_info    0x0000152d      0x4e6 FreeRTOS/src/heap_4.o
 .debug_info    0x00001a13      0x2e7 FreeRTOS/src/list.o
 .debug_info    0x00001cfa      0x2ff FreeRTOS/src/port.o
 .debug_info    0x00001ff9     0x17e6 FreeRTOS/src/queue.o
 .debug_info    0x000037df     0x13df FreeRTOS/src/stream_buffer.o
 .debug_info    0x00004bbe     0x2239 FreeRTOS/src/tasks.o
 .debug_info    0x00006df7     0x10dd FreeRTOS/src/timers.o
 .debug_info    0x00007ed4      0x20f FreeRTOS/src/variantHooks.o
 .debug_info    0x000080e3      0x464 IotProject/Application.o
 .debug_info    0x00008547      0x405 IotProject/CO2Sensor.o
 .debug_info    0x0000894c      0x2bf IotProject/main.o
 .debug_info    0x00008c0b      0x226 IotProject/SensorDataPackageHandler.o
 .debug_info    0x00008e31      0x216 IotProject/Setup.o
 .debug_info    0x00009047      0x4d1 IotProject/TemperatureAndHumiditySensor.o
 .debug_info    0x00009518      0x7a8 IotProject/UpLinkHandler.o
 .debug_info    0x00009cc0      0x3a9 ../drivers\libIotLibrary.a(hih8120.o)
 .debug_info    0x0000a069     0x1747 ../drivers\libIotLibrary.a(lora_driver.o)
 .debug_info    0x0000b7b0      0x143 ../drivers\libIotLibrary.a(lora_driver_utils.o)
 .debug_info    0x0000b8f3      0x556 ../drivers\libIotLibrary.a(mh_z19.o)
 .debug_info    0x0000be49      0xd9c ../drivers\libIotLibrary.a(serial.o)
 .debug_info    0x0000cbe5      0x3b6 ../drivers\libIotLibrary.a(stdio_driver.o)
 .debug_info    0x0000cf9b      0x522 ../drivers\libIotLibrary.a(status_leds.o)
 .debug_info    0x0000d4bd      0x55d ../drivers\libIotLibrary.a(twi.o)
 .debug_info    0x0000da1a      0x1c3 ../drivers\libIotLibrary.a(fifo.o)

.debug_abbrev   0x00000000     0x37f4
 *(.debug_abbrev)
 .debug_abbrev  0x00000000      0xb1a C:/Program Files (x86)/Atmel/Studio/7.0/Packs/atmel/ATmega_DFP/1.7.374/gcc/dev/atmega2560/avr6/crtatmega2560.o
 .debug_abbrev  0x00000b1a      0x1dc FreeRTOS/src/event_groups.o
 .debug_abbrev  0x00000cf6      0x200 FreeRTOS/src/heap_4.o
 .debug_abbrev  0x00000ef6       0xff FreeRTOS/src/list.o
 .debug_abbrev  0x00000ff5      0x179 FreeRTOS/src/port.o
 .debug_abbrev  0x0000116e      0x241 FreeRTOS/src/queue.o
 .debug_abbrev  0x000013af      0x246 FreeRTOS/src/stream_buffer.o
 .debug_abbrev  0x000015f5      0x2c8 FreeRTOS/src/tasks.o
 .debug_abbrev  0x000018bd      0x28c FreeRTOS/src/timers.o
 .debug_abbrev  0x00001b49       0xff FreeRTOS/src/variantHooks.o
 .debug_abbrev  0x00001c48      0x182 IotProject/Application.o
 .debug_abbrev  0x00001dca      0x1e3 IotProject/CO2Sensor.o
 .debug_abbrev  0x00001fad      0x11b IotProject/main.o
 .debug_abbrev  0x000020c8      0x151 IotProject/SensorDataPackageHandler.o
 .debug_abbrev  0x00002219       0xfb IotProject/Setup.o
 .debug_abbrev  0x00002314      0x193 IotProject/TemperatureAndHumiditySensor.o
 .debug_abbrev  0x000024a7      0x1b8 IotProject/UpLinkHandler.o
 .debug_abbrev  0x0000265f      0x184 ../drivers\libIotLibrary.a(hih8120.o)
 .debug_abbrev  0x000027e3      0x33b ../drivers\libIotLibrary.a(lora_driver.o)
 .debug_abbrev  0x00002b1e       0xc0 ../drivers\libIotLibrary.a(lora_driver_utils.o)
 .debug_abbrev  0x00002bde      0x238 ../drivers\libIotLibrary.a(mh_z19.o)
 .debug_abbrev  0x00002e16      0x355 ../drivers\libIotLibrary.a(serial.o)
 .debug_abbrev  0x0000316b      0x1b3 ../drivers\libIotLibrary.a(stdio_driver.o)
 .debug_abbrev  0x0000331e      0x1d7 ../drivers\libIotLibrary.a(status_leds.o)
 .debug_abbrev  0x000034f5      0x217 ../drivers\libIotLibrary.a(twi.o)
 .debug_abbrev  0x0000370c       0xe8 ../drivers\libIotLibrary.a(fifo.o)

.debug_line     0x00000000     0x6d7f
 *(.debug_line .debug_line.* .debug_line_end)
 .debug_line    0x00000000      0x1fa C:/Program Files (x86)/Atmel/Studio/7.0/Packs/atmel/ATmega_DFP/1.7.374/gcc/dev/atmega2560/avr6/crtatmega2560.o
 .debug_line    0x000001fa      0x413 FreeRTOS/src/event_groups.o
 .debug_line    0x0000060d      0x41f FreeRTOS/src/heap_4.o
 .debug_line    0x00000a2c      0x1db FreeRTOS/src/list.o
 .debug_line    0x00000c07      0x28a FreeRTOS/src/port.o
 .debug_line    0x00000e91      0xbe3 FreeRTOS/src/queue.o
 .debug_line    0x00001a74      0x79a FreeRTOS/src/stream_buffer.o
 .debug_line    0x0000220e     0x15ba FreeRTOS/src/tasks.o
 .debug_line    0x000037c8      0x624 FreeRTOS/src/timers.o
 .debug_line    0x00003dec      0x1af FreeRTOS/src/variantHooks.o
 .debug_line    0x00003f9b      0x204 IotProject/Application.o
 .debug_line    0x0000419f      0x1e0 IotProject/CO2Sensor.o
 .debug_line    0x0000437f      0x23b IotProject/main.o
 .debug_line    0x000045ba      0x18a IotProject/SensorDataPackageHandler.o
 .debug_line    0x00004744      0x1e0 IotProject/Setup.o
 .debug_line    0x00004924      0x237 IotProject/TemperatureAndHumiditySensor.o
 .debug_line    0x00004b5b      0x255 IotProject/UpLinkHandler.o
 .debug_line    0x00004db0      0x24a ../drivers\libIotLibrary.a(hih8120.o)
 .debug_line    0x00004ffa      0x9aa ../drivers\libIotLibrary.a(lora_driver.o)
 .debug_line    0x000059a4      0x195 ../drivers\libIotLibrary.a(lora_driver_utils.o)
 .debug_line    0x00005b39      0x2fc ../drivers\libIotLibrary.a(mh_z19.o)
 .debug_line    0x00005e35      0x6a1 ../drivers\libIotLibrary.a(serial.o)
 .debug_line    0x000064d6      0x146 ../drivers\libIotLibrary.a(stdio_driver.o)
 .debug_line    0x0000661c      0x32c ../drivers\libIotLibrary.a(status_leds.o)
 .debug_line    0x00006948      0x31c ../drivers\libIotLibrary.a(twi.o)
 .debug_line    0x00006c64      0x11b ../drivers\libIotLibrary.a(fifo.o)

.debug_frame    0x00000000     0x2738
 *(.debug_frame)
 .debug_frame   0x00000000      0x1dc FreeRTOS/src/event_groups.o
 .debug_frame   0x000001dc       0xfc FreeRTOS/src/heap_4.o
 .debug_frame   0x000002d8       0x90 FreeRTOS/src/list.o
 .debug_frame   0x00000368       0x94 FreeRTOS/src/port.o
 .debug_frame   0x000003fc      0x3a4 FreeRTOS/src/queue.o
 .debug_frame   0x000007a0      0x40c FreeRTOS/src/stream_buffer.o
 .debug_frame   0x00000bac      0x7a0 FreeRTOS/src/tasks.o
 .debug_frame   0x0000134c      0x3ac FreeRTOS/src/timers.o
 .debug_frame   0x000016f8       0x64 FreeRTOS/src/variantHooks.o
 .debug_frame   0x0000175c       0x54 IotProject/Application.o
 .debug_frame   0x000017b0       0x90 IotProject/CO2Sensor.o
 .debug_frame   0x00001840       0x54 IotProject/main.o
 .debug_frame   0x00001894       0x68 IotProject/SensorDataPackageHandler.o
 .debug_frame   0x000018fc       0x64 IotProject/Setup.o
 .debug_frame   0x00001960       0x9c IotProject/TemperatureAndHumiditySensor.o
 .debug_frame   0x000019fc       0x80 IotProject/UpLinkHandler.o
 .debug_frame   0x00001a7c       0xc0 ../drivers\libIotLibrary.a(hih8120.o)
 .debug_frame   0x00001b3c      0x460 ../drivers\libIotLibrary.a(lora_driver.o)
 .debug_frame   0x00001f9c       0x48 ../drivers\libIotLibrary.a(lora_driver_utils.o)
 .debug_frame   0x00001fe4      0x100 ../drivers\libIotLibrary.a(mh_z19.o)
 .debug_frame   0x000020e4      0x384 ../drivers\libIotLibrary.a(serial.o)
 .debug_frame   0x00002468       0x94 ../drivers\libIotLibrary.a(stdio_driver.o)
 .debug_frame   0x000024fc       0xec ../drivers\libIotLibrary.a(status_leds.o)
 .debug_frame   0x000025e8      0x12c ../drivers\libIotLibrary.a(twi.o)
 .debug_frame   0x00002714       0x24 ../drivers\libIotLibrary.a(fifo.o)

.debug_str      0x00000000     0x422c
 *(.debug_str)
 .debug_str     0x00000000      0x3e6 C:/Program Files (x86)/Atmel/Studio/7.0/Packs/atmel/ATmega_DFP/1.7.374/gcc/dev/atmega2560/avr6/crtatmega2560.o
 .debug_str     0x000003e6      0x534 FreeRTOS/src/event_groups.o
                                0x5b5 (size before relaxing)
 .debug_str     0x0000091a      0x2ce FreeRTOS/src/heap_4.o
                                0x4ab (size before relaxing)
 .debug_str     0x00000be8       0x89 FreeRTOS/src/list.o
                                0x2e7 (size before relaxing)
 .debug_str     0x00000c71      0x163 FreeRTOS/src/port.o
                                0x31c (size before relaxing)
 .debug_str     0x00000dd4      0x652 FreeRTOS/src/queue.o
                                0x95b (size before relaxing)
 .debug_str     0x00001426      0x4ed FreeRTOS/src/stream_buffer.o
                                0x7e4 (size before relaxing)
 .debug_str     0x00001913      0x8c8 FreeRTOS/src/tasks.o
                                0xf7c (size before relaxing)
 .debug_str     0x000021db      0x414 FreeRTOS/src/timers.o
                                0x852 (size before relaxing)
 .debug_str     0x000025ef       0x81 FreeRTOS/src/variantHooks.o
                                0x293 (size before relaxing)
 .debug_str     0x00002670      0x14c IotProject/Application.o
                                0x3ae (size before relaxing)
 .debug_str     0x000027bc      0x137 IotProject/CO2Sensor.o
                                0x3b1 (size before relaxing)
 .debug_str     0x000028f3      0x11e IotProject/main.o
                                0x322 (size before relaxing)
 .debug_str     0x00002a11       0x45 IotProject/SensorDataPackageHandler.o
                                0x267 (size before relaxing)
 .debug_str     0x00002a56       0x16 IotProject/Setup.o
                                0x2ae (size before relaxing)
 .debug_str     0x00002a6c      0x13b IotProject/TemperatureAndHumiditySensor.o
                                0x412 (size before relaxing)
 .debug_str     0x00002ba7      0x406 IotProject/UpLinkHandler.o
                                0x6be (size before relaxing)
 .debug_str     0x00002fad      0x2e8 ../drivers\libIotLibrary.a(hih8120.o)
                                0x45c (size before relaxing)
 .debug_str     0x00003295      0x68f ../drivers\libIotLibrary.a(lora_driver.o)
                                0xcdb (size before relaxing)
 .debug_str     0x00003924       0x4f ../drivers\libIotLibrary.a(lora_driver_utils.o)
                                0x206 (size before relaxing)
 .debug_str     0x00003973      0x117 ../drivers\libIotLibrary.a(mh_z19.o)
                                0x489 (size before relaxing)
 .debug_str     0x00003a8a      0x2e7 ../drivers\libIotLibrary.a(serial.o)
                                0x628 (size before relaxing)
 .debug_str     0x00003d71       0xa6 ../drivers\libIotLibrary.a(stdio_driver.o)
                                0x37d (size before relaxing)
 .debug_str     0x00003e17      0x104 ../drivers\libIotLibrary.a(status_leds.o)
                                0x381 (size before relaxing)
 .debug_str     0x00003f1b      0x2ef ../drivers\libIotLibrary.a(twi.o)
                                0x5b4 (size before relaxing)
 .debug_str     0x0000420a       0x22 ../drivers\libIotLibrary.a(fifo.o)
                                0x239 (size before relaxing)

.debug_loc      0x00000000     0xc1ed
 *(.debug_loc)
 .debug_loc     0x00000000      0xcc9 FreeRTOS/src/event_groups.o
 .debug_loc     0x00000cc9      0x4be FreeRTOS/src/heap_4.o
 .debug_loc     0x00001187      0x17d FreeRTOS/src/list.o
 .debug_loc     0x00001304       0xf6 FreeRTOS/src/port.o
 .debug_loc     0x000013fa     0x1abd FreeRTOS/src/queue.o
 .debug_loc     0x00002eb7     0x1daf FreeRTOS/src/stream_buffer.o
 .debug_loc     0x00004c66     0x2a07 FreeRTOS/src/tasks.o
 .debug_loc     0x0000766d     0x10f3 FreeRTOS/src/timers.o
 .debug_loc     0x00008760       0xdc FreeRTOS/src/variantHooks.o
 .debug_loc     0x0000883c       0xf3 IotProject/Application.o
 .debug_loc     0x0000892f       0xc2 IotProject/CO2Sensor.o
 .debug_loc     0x000089f1       0xb7 IotProject/SensorDataPackageHandler.o
 .debug_loc     0x00008aa8       0x9f IotProject/Setup.o
 .debug_loc     0x00008b47       0xf2 IotProject/TemperatureAndHumiditySensor.o
 .debug_loc     0x00008c39      0x174 IotProject/UpLinkHandler.o
 .debug_loc     0x00008dad       0x9f ../drivers\libIotLibrary.a(hih8120.o)
 .debug_loc     0x00008e4c     0x1216 ../drivers\libIotLibrary.a(lora_driver.o)
 .debug_loc     0x0000a062      0x1d2 ../drivers\libIotLibrary.a(lora_driver_utils.o)
 .debug_loc     0x0000a234      0x37c ../drivers\libIotLibrary.a(mh_z19.o)
 .debug_loc     0x0000a5b0     0x114c ../drivers\libIotLibrary.a(serial.o)
 .debug_loc     0x0000b6fc      0x18c ../drivers\libIotLibrary.a(stdio_driver.o)
 .debug_loc     0x0000b888      0x292 ../drivers\libIotLibrary.a(status_leds.o)
 .debug_loc     0x0000bb1a      0x575 ../drivers\libIotLibrary.a(twi.o)
 .debug_loc     0x0000c08f      0x15e ../drivers\libIotLibrary.a(fifo.o)

.debug_macinfo
 *(.debug_macinfo)

.debug_weaknames
 *(.debug_weaknames)

.debug_funcnames
 *(.debug_funcnames)

.debug_typenames
 *(.debug_typenames)

.debug_varnames
 *(.debug_varnames)

.debug_pubtypes
 *(.debug_pubtypes)

.debug_ranges   0x00000000      0xa78
 *(.debug_ranges)
 .debug_ranges  0x00000000       0x70 FreeRTOS/src/event_groups.o
 .debug_ranges  0x00000070       0x48 FreeRTOS/src/heap_4.o
 .debug_ranges  0x000000b8       0x30 FreeRTOS/src/list.o
 .debug_ranges  0x000000e8       0x48 FreeRTOS/src/port.o
 .debug_ranges  0x00000130      0x130 FreeRTOS/src/queue.o
 .debug_ranges  0x00000260       0xb0 FreeRTOS/src/stream_buffer.o
 .debug_ranges  0x00000310      0x200 FreeRTOS/src/tasks.o
 .debug_ranges  0x00000510       0xb8 FreeRTOS/src/timers.o
 .debug_ranges  0x000005c8       0x30 FreeRTOS/src/variantHooks.o
 .debug_ranges  0x000005f8       0x18 IotProject/Application.o
 .debug_ranges  0x00000610       0x38 IotProject/CO2Sensor.o
 .debug_ranges  0x00000648       0x28 IotProject/main.o
 .debug_ranges  0x00000670       0x28 IotProject/SensorDataPackageHandler.o
 .debug_ranges  0x00000698       0x20 IotProject/Setup.o
 .debug_ranges  0x000006b8       0x40 IotProject/TemperatureAndHumiditySensor.o
 .debug_ranges  0x000006f8       0x20 IotProject/UpLinkHandler.o
 .debug_ranges  0x00000718       0x58 ../drivers\libIotLibrary.a(hih8120.o)
 .debug_ranges  0x00000770      0x128 ../drivers\libIotLibrary.a(lora_driver.o)
 .debug_ranges  0x00000898       0x30 ../drivers\libIotLibrary.a(lora_driver_utils.o)
 .debug_ranges  0x000008c8       0x48 ../drivers\libIotLibrary.a(mh_z19.o)
 .debug_ranges  0x00000910       0x98 ../drivers\libIotLibrary.a(serial.o)
 .debug_ranges  0x000009a8       0x28 ../drivers\libIotLibrary.a(stdio_driver.o)
 .debug_ranges  0x000009d0       0x58 ../drivers\libIotLibrary.a(status_leds.o)
 .debug_ranges  0x00000a28       0x40 ../drivers\libIotLibrary.a(twi.o)
 .debug_ranges  0x00000a68       0x10 ../drivers\libIotLibrary.a(fifo.o)

.debug_macro
 *(.debug_macro)
OUTPUT(4thSemProject.elf elf32-avr)
LOAD linker stubs
